This is pdfTeX, Version 3.141592653-2.6-1.40.25 (TeX Live 2023/Debian) (preloaded format=pdflatex)
 restricted \write18 enabled.
entering extended mode
(./my_thesis.tex
LaTeX2e <2023-11-01> patch level 1
L3 programming layer <2024-01-22>
(./settings/settings_epfl_template.tex
(/usr/share/texlive/texmf-dist/tex/latex/base/book.cls
Document Class: book 2023/05/17 v1.4n Standard LaTeX document class
(/usr/share/texlive/texmf-dist/tex/latex/base/bk11.clo))
(/usr/share/texlive/texmf-dist/tex/latex/base/fontenc.sty)
(/usr/share/texlive/texmf-dist/tex/latex/base/inputenc.sty)
(/usr/share/texlive/texmf-dist/tex/latex/natbib/natbib.sty)
(/usr/share/texlive/texmf-dist/tex/generic/babel/babel.sty
(/usr/share/texlive/texmf-dist/tex/generic/babel/txtbabel.def)
(/usr/share/texlive/texmf-dist/tex/generic/babel-french/french.ldf)
(/usr/share/texlive/texmf-dist/tex/generic/babel-german/german.ldf
(/usr/share/texlive/texmf-dist/tex/generic/babel-german/germanb.ldf))
(/usr/share/texlive/texmf-dist/tex/generic/babel-english/english.ldf))
(/usr/share/texlive/texmf-dist/tex/generic/babel/locale/en/babel-english.tex)
(/usr/share/texlive/texmf-dist/tex/generic/babel/locale/de/babel-german.tex)
(/usr/share/texlive/texmf-dist/tex/generic/babel/locale/fr/babel-french.tex)
(/usr/share/texlive/texmf-dist/tex/latex/carlisle/scalefnt.sty)
(/usr/share/texlive/texmf-dist/tex/latex/graphics/keyval.sty)
(/usr/share/texlive/texmf-dist/tex/latex/float/float.sty)
(/usr/share/texlive/texmf-dist/tex/latex/fourier/fourier.sty
(/usr/share/texlive/texmf-dist/tex/generic/iftex/iftex.sty)
(/usr/share/texlive/texmf-dist/tex/latex/base/fontenc.sty
(/usr/share/texlive/texmf-dist/tex/latex/fourier/t1futs.fd))
(/usr/share/texlive/texmf-dist/tex/latex/base/textcomp.sty)
(/usr/share/texlive/texmf-dist/tex/latex/fourier/fourier-orns.sty))
(/usr/share/texlive/texmf-dist/tex/latex/setspace/setspace.sty)
(/usr/share/texlive/texmf-dist/tex/latex/graphics/graphicx.sty
(/usr/share/texlive/texmf-dist/tex/latex/graphics/graphics.sty
(/usr/share/texlive/texmf-dist/tex/latex/graphics/trig.sty)
(/usr/share/texlive/texmf-dist/tex/latex/graphics-cfg/graphics.cfg)
(/usr/share/texlive/texmf-dist/tex/latex/graphics-def/pdftex.def)))
(/usr/share/texlive/texmf-dist/tex/latex/xcolor/xcolor.sty
(/usr/share/texlive/texmf-dist/tex/latex/graphics-cfg/color.cfg)
(/usr/share/texlive/texmf-dist/tex/latex/graphics/mathcolor.ltx))
(/usr/share/texlive/texmf-dist/tex/latex/subfig/subfig.sty
(/usr/share/texlive/texmf-dist/tex/latex/caption/caption.sty
(/usr/share/texlive/texmf-dist/tex/latex/caption/caption3.sty)))
(/usr/share/texlive/texmf-dist/tex/latex/booktabs/booktabs.sty)
(/usr/share/texlive/texmf-dist/tex/latex/lipsum/lipsum.sty
(/usr/share/texlive/texmf-dist/tex/latex/l3packages/l3keys2e/l3keys2e.sty
(/usr/share/texlive/texmf-dist/tex/latex/l3kernel/expl3.sty
(/usr/share/texlive/texmf-dist/tex/latex/l3backend/l3backend-pdftex.def)))
(/usr/share/texlive/texmf-dist/tex/latex/lipsum/lipsum.ltd.tex))
(/usr/share/texlive/texmf-dist/tex/latex/microtype/microtype.sty
(/usr/share/texlive/texmf-dist/tex/latex/etoolbox/etoolbox.sty)
(/usr/share/texlive/texmf-dist/tex/latex/microtype/microtype-pdftex.def)
(/usr/share/texlive/texmf-dist/tex/latex/microtype/microtype.cfg))
(/usr/share/texlive/texmf-dist/tex/latex/url/url.sty)
(/usr/share/texlive/texmf-dist/tex/latex/fancyhdr/fancyhdr.sty)

Package fancyhdr Warning: \fancyhead's `E' option without twoside option is use
less.
(fancyhdr)                Please consider using the `twoside' option on input l
ine 84.


Package fancyhdr Warning: \fancyfoot's `E' option without twoside option is use
less.
(fancyhdr)                Please consider using the `twoside' option on input l
ine 85.

(/usr/share/texlive/texmf-dist/tex/latex/listings/listings.sty
(/usr/share/texlive/texmf-dist/tex/latex/listings/lstmisc.sty)
(/usr/share/texlive/texmf-dist/tex/latex/listings/listings.cfg))
(/usr/share/texlive/texmf-dist/tex/latex/listings/lstlang1.sty)
(/usr/share/texlive/texmf-dist/tex/latex/listings/lstlang2.sty)
(/usr/share/texlive/texmf-dist/tex/latex/listings/lstlang3.sty)
(/usr/share/texlive/texmf-dist/tex/latex/listings/lstlang1.sty)
(/usr/share/texlive/texmf-dist/tex/latex/listings/lstlang2.sty)
(/usr/share/texlive/texmf-dist/tex/latex/listings/lstlang3.sty)
(/usr/share/texlive/texmf-dist/tex/latex/listings/lstlang1.sty)
(/usr/share/texlive/texmf-dist/tex/latex/listings/lstlang2.sty)
(/usr/share/texlive/texmf-dist/tex/latex/listings/lstlang3.sty)
(/usr/share/texlive/texmf-dist/tex/latex/listings/lstmisc.sty)
(/usr/share/texlive/texmf-dist/tex/latex/hyperref/hyperref.sty
(/usr/share/texlive/texmf-dist/tex/latex/kvsetkeys/kvsetkeys.sty)
(/usr/share/texlive/texmf-dist/tex/generic/kvdefinekeys/kvdefinekeys.sty)
(/usr/share/texlive/texmf-dist/tex/generic/pdfescape/pdfescape.sty
(/usr/share/texlive/texmf-dist/tex/generic/ltxcmds/ltxcmds.sty)
(/usr/share/texlive/texmf-dist/tex/generic/pdftexcmds/pdftexcmds.sty
(/usr/share/texlive/texmf-dist/tex/generic/infwarerr/infwarerr.sty)))
(/usr/share/texlive/texmf-dist/tex/latex/hycolor/hycolor.sty)
(/usr/share/texlive/texmf-dist/tex/latex/auxhook/auxhook.sty)
(/usr/share/texlive/texmf-dist/tex/latex/hyperref/nameref.sty
(/usr/share/texlive/texmf-dist/tex/latex/refcount/refcount.sty)
(/usr/share/texlive/texmf-dist/tex/generic/gettitlestring/gettitlestring.sty
(/usr/share/texlive/texmf-dist/tex/latex/kvoptions/kvoptions.sty)))
(/usr/share/texlive/texmf-dist/tex/latex/hyperref/pd1enc.def)
(/usr/share/texlive/texmf-dist/tex/generic/intcalc/intcalc.sty)
(/usr/share/texlive/texmf-dist/tex/latex/hyperref/puenc.def)
(/usr/share/texlive/texmf-dist/tex/generic/bitset/bitset.sty
(/usr/share/texlive/texmf-dist/tex/generic/bigintcalc/bigintcalc.sty))
(/usr/share/texlive/texmf-dist/tex/latex/base/atbegshi-ltx.sty))
(/usr/share/texlive/texmf-dist/tex/latex/hyperref/hpdftex.def
(/usr/share/texlive/texmf-dist/tex/latex/base/atveryend-ltx.sty)
(/usr/share/texlive/texmf-dist/tex/latex/rerunfilecheck/rerunfilecheck.sty
(/usr/share/texlive/texmf-dist/tex/generic/uniquecounter/uniquecounter.sty)))
(/usr/share/texlive/texmf-dist/tex/generic/iftex/ifpdf.sty)
(/usr/share/texlive/texmf-dist/tex/latex/pdfpages/pdfpages.sty
(/usr/share/texlive/texmf-dist/tex/latex/base/ifthen.sty)
(/usr/share/texlive/texmf-dist/tex/latex/tools/calc.sty)
(/usr/share/texlive/texmf-dist/tex/latex/eso-pic/eso-pic.sty)
(/usr/share/texlive/texmf-dist/tex/latex/pdfpages/pppdftex.def))
(/usr/share/texlive/texmf-dist/tex/latex/bookmark/bookmark.sty
(/usr/share/texlive/texmf-dist/tex/latex/bookmark/bkm-pdftex.def))

Package fancyhdr Warning: \fancyfoot's `E' option without twoside option is use
less.
(fancyhdr)                Please consider using the `twoside' option on input l
ine 130.

(/usr/share/texlive/texmf-dist/tex/latex/pgf/frontendlayer/tikz.sty
(/usr/share/texlive/texmf-dist/tex/latex/pgf/basiclayer/pgf.sty
(/usr/share/texlive/texmf-dist/tex/latex/pgf/utilities/pgfrcs.sty
(/usr/share/texlive/texmf-dist/tex/generic/pgf/utilities/pgfutil-common.tex)
(/usr/share/texlive/texmf-dist/tex/generic/pgf/utilities/pgfutil-latex.def)
(/usr/share/texlive/texmf-dist/tex/generic/pgf/utilities/pgfrcs.code.tex
(/usr/share/texlive/texmf-dist/tex/generic/pgf/pgf.revision.tex)))
(/usr/share/texlive/texmf-dist/tex/latex/pgf/basiclayer/pgfcore.sty
(/usr/share/texlive/texmf-dist/tex/latex/pgf/systemlayer/pgfsys.sty
(/usr/share/texlive/texmf-dist/tex/generic/pgf/systemlayer/pgfsys.code.tex
(/usr/share/texlive/texmf-dist/tex/generic/pgf/utilities/pgfkeys.code.tex
(/usr/share/texlive/texmf-dist/tex/generic/pgf/utilities/pgfkeyslibraryfiltered
.code.tex)) (/usr/share/texlive/texmf-dist/tex/generic/pgf/systemlayer/pgf.cfg)
(/usr/share/texlive/texmf-dist/tex/generic/pgf/systemlayer/pgfsys-pdftex.def
(/usr/share/texlive/texmf-dist/tex/generic/pgf/systemlayer/pgfsys-common-pdf.de
f)))
(/usr/share/texlive/texmf-dist/tex/generic/pgf/systemlayer/pgfsyssoftpath.code.
tex)
(/usr/share/texlive/texmf-dist/tex/generic/pgf/systemlayer/pgfsysprotocol.code.
tex))
(/usr/share/texlive/texmf-dist/tex/generic/pgf/basiclayer/pgfcore.code.tex
(/usr/share/texlive/texmf-dist/tex/generic/pgf/math/pgfmath.code.tex
(/usr/share/texlive/texmf-dist/tex/generic/pgf/math/pgfmathutil.code.tex)
(/usr/share/texlive/texmf-dist/tex/generic/pgf/math/pgfmathparser.code.tex)
(/usr/share/texlive/texmf-dist/tex/generic/pgf/math/pgfmathfunctions.code.tex)
(/usr/share/texlive/texmf-dist/tex/generic/pgf/math/pgfmathfunctions.basic.code
.tex)
(/usr/share/texlive/texmf-dist/tex/generic/pgf/math/pgfmathfunctions.trigonomet
ric.code.tex)
(/usr/share/texlive/texmf-dist/tex/generic/pgf/math/pgfmathfunctions.random.cod
e.tex)
(/usr/share/texlive/texmf-dist/tex/generic/pgf/math/pgfmathfunctions.comparison
.code.tex)
(/usr/share/texlive/texmf-dist/tex/generic/pgf/math/pgfmathfunctions.base.code.
tex)
(/usr/share/texlive/texmf-dist/tex/generic/pgf/math/pgfmathfunctions.round.code
.tex)
(/usr/share/texlive/texmf-dist/tex/generic/pgf/math/pgfmathfunctions.misc.code.
tex)
(/usr/share/texlive/texmf-dist/tex/generic/pgf/math/pgfmathfunctions.integerari
thmetics.code.tex)
(/usr/share/texlive/texmf-dist/tex/generic/pgf/math/pgfmathcalc.code.tex)
(/usr/share/texlive/texmf-dist/tex/generic/pgf/math/pgfmathfloat.code.tex))
(/usr/share/texlive/texmf-dist/tex/generic/pgf/math/pgfint.code.tex)
(/usr/share/texlive/texmf-dist/tex/generic/pgf/basiclayer/pgfcorepoints.code.te
x)
(/usr/share/texlive/texmf-dist/tex/generic/pgf/basiclayer/pgfcorepathconstruct.
code.tex)
(/usr/share/texlive/texmf-dist/tex/generic/pgf/basiclayer/pgfcorepathusage.code
.tex)
(/usr/share/texlive/texmf-dist/tex/generic/pgf/basiclayer/pgfcorescopes.code.te
x)
(/usr/share/texlive/texmf-dist/tex/generic/pgf/basiclayer/pgfcoregraphicstate.c
ode.tex)
(/usr/share/texlive/texmf-dist/tex/generic/pgf/basiclayer/pgfcoretransformation
s.code.tex)
(/usr/share/texlive/texmf-dist/tex/generic/pgf/basiclayer/pgfcorequick.code.tex
)
(/usr/share/texlive/texmf-dist/tex/generic/pgf/basiclayer/pgfcoreobjects.code.t
ex)
(/usr/share/texlive/texmf-dist/tex/generic/pgf/basiclayer/pgfcorepathprocessing
.code.tex)
(/usr/share/texlive/texmf-dist/tex/generic/pgf/basiclayer/pgfcorearrows.code.te
x)
(/usr/share/texlive/texmf-dist/tex/generic/pgf/basiclayer/pgfcoreshade.code.tex
)
(/usr/share/texlive/texmf-dist/tex/generic/pgf/basiclayer/pgfcoreimage.code.tex
)
(/usr/share/texlive/texmf-dist/tex/generic/pgf/basiclayer/pgfcoreexternal.code.
tex)
(/usr/share/texlive/texmf-dist/tex/generic/pgf/basiclayer/pgfcorelayers.code.te
x)
(/usr/share/texlive/texmf-dist/tex/generic/pgf/basiclayer/pgfcoretransparency.c
ode.tex)
(/usr/share/texlive/texmf-dist/tex/generic/pgf/basiclayer/pgfcorepatterns.code.
tex)
(/usr/share/texlive/texmf-dist/tex/generic/pgf/basiclayer/pgfcorerdf.code.tex))
)
(/usr/share/texlive/texmf-dist/tex/generic/pgf/modules/pgfmoduleshapes.code.tex
) (/usr/share/texlive/texmf-dist/tex/generic/pgf/modules/pgfmoduleplot.code.tex
)
(/usr/share/texlive/texmf-dist/tex/latex/pgf/compatibility/pgfcomp-version-0-65
.sty)
(/usr/share/texlive/texmf-dist/tex/latex/pgf/compatibility/pgfcomp-version-1-18
.sty)) (/usr/share/texlive/texmf-dist/tex/latex/pgf/utilities/pgffor.sty
(/usr/share/texlive/texmf-dist/tex/latex/pgf/utilities/pgfkeys.sty
(/usr/share/texlive/texmf-dist/tex/generic/pgf/utilities/pgfkeys.code.tex))
(/usr/share/texlive/texmf-dist/tex/latex/pgf/math/pgfmath.sty
(/usr/share/texlive/texmf-dist/tex/generic/pgf/math/pgfmath.code.tex))
(/usr/share/texlive/texmf-dist/tex/generic/pgf/utilities/pgffor.code.tex))
(/usr/share/texlive/texmf-dist/tex/generic/pgf/frontendlayer/tikz/tikz.code.tex

(/usr/share/texlive/texmf-dist/tex/generic/pgf/libraries/pgflibraryplothandlers
.code.tex)
(/usr/share/texlive/texmf-dist/tex/generic/pgf/modules/pgfmodulematrix.code.tex
)
(/usr/share/texlive/texmf-dist/tex/generic/pgf/frontendlayer/tikz/libraries/tik
zlibrarytopaths.code.tex)))
(/usr/share/texlive/texmf-dist/tex/latex/titlesec/titlesec.sty)
(/usr/share/texlive/texmf-dist/tex/latex/amsmath/amsmath.sty
For additional information on amsmath, use the `?' option.
(/usr/share/texlive/texmf-dist/tex/latex/amsmath/amstext.sty
(/usr/share/texlive/texmf-dist/tex/latex/amsmath/amsgen.sty))
(/usr/share/texlive/texmf-dist/tex/latex/amsmath/amsbsy.sty)
(/usr/share/texlive/texmf-dist/tex/latex/amsmath/amsopn.sty))
(/usr/share/texlive/texmf-dist/tex/latex/amsfonts/amsfonts.sty)
(/usr/share/texlive/texmf-dist/tex/latex/amsfonts/amssymb.sty)
(/usr/share/texlive/texmf-dist/tex/latex/mathtools/mathtools.sty
(/usr/share/texlive/texmf-dist/tex/latex/mathtools/mhsetup.sty)))
(./settings/settings_custom.tex)
No file my_thesis.aux.
(/usr/share/texlive/texmf-dist/tex/latex/fourier/fmlfutm.fd)
(/usr/share/texlive/texmf-dist/tex/latex/fourier/fmsfutm.fd)
(/usr/share/texlive/texmf-dist/tex/latex/fourier/fmxfutm.fd)
(/usr/share/texlive/texmf-dist/tex/context/base/mkii/supp-pdf.mkii
[Loading MPS to PDF converter (version 2006.09.02).]
) (/usr/share/texlive/texmf-dist/tex/latex/epstopdf-pkg/epstopdf-base.sty
(/usr/share/texlive/texmf-dist/tex/latex/latexconfig/epstopdf-sys.cfg))
(/usr/share/texlive/texmf-dist/tex/latex/pdflscape/pdflscape.sty
(/usr/share/texlive/texmf-dist/tex/latex/pdflscape/pdflscape-nometadata.sty
(/usr/share/texlive/texmf-dist/tex/latex/graphics/lscape.sty)))
(./content/head/titlepage.tex
(/usr/share/texlive/texmf-dist/tex/latex/base/t1cmss.fd) [1{/var/lib/texmf/font
s/map/pdftex/updmap/pdftex.map}{/usr/share/texmf/fonts/enc/dvips/cm-super/cm-su
per-t1.enc}{/usr/share/texlive/texmf-dist/fonts/enc/dvips/base/8r.enc} <./asset
s/epfl-eps-converted-to.pdf>]) (./content/head/dedication.tex)
(./content/head/abstracts.tex [0]
(/usr/share/texlive/texmf-dist/tex/latex/fourier/fmlfutmi.fd)
(/usr/share/texlive/texmf-dist/tex/latex/amsfonts/umsa.fd)
(/usr/share/texlive/texmf-dist/tex/latex/microtype/mt-msa.cfg)
(/usr/share/texlive/texmf-dist/tex/latex/amsfonts/umsb.fd)
(/usr/share/texlive/texmf-dist/tex/latex/microtype/mt-msb.cfg)

Package fancyhdr Warning: \fancyfoot's `E' option without twoside option is use
less.
(fancyhdr)                Please consider using the `twoside' option on input l
ine 16.


pdfTeX warning (ext4): destination with the same identifier (name{page.i}) has 
been already used, duplicate ignored
<to be read again> 
                   \relax 
l.16 \cleardoublepage
                      [1])

Package fancyhdr Warning: \fancyfoot's `E' option without twoside option is use
less.
(fancyhdr)                Please consider using the `twoside' option on input l
ine 27.

[2]
No file my_thesis.toc.

Package fancyhdr Warning: \fancyfoot's `E' option without twoside option is use
less.
(fancyhdr)                Please consider using the `twoside' option on input l
ine 32.

[3] (./my_thesis.lof

Package fancyhdr Warning: \fancyfoot's `E' option without twoside option is use
less.
(fancyhdr)                Please consider using the `twoside' option on input l
ine 20.

[4]) [5] (./content/ch1/introduction.tex
Chapter 1.

Package natbib Warning: Citation `power2003inner' on page 1 undefined on input 
line 10.


Package natbib Warning: Citation `zhang2019optimal' on page 1 undefined on inpu
t line 10.


Package natbib Warning: Citation `penarrubia2017fluctuations' on page 1 undefin
ed on input line 12.


Package natbib Warning: Citation `penarrubia2019stochastic' on page 1 undefined
 on input line 12.


Package fancyhdr Warning: \fancyfoot's `E' option without twoside option is use
less.
(fancyhdr)                Please consider using the `twoside' option on input l
ine 24.

[1] [2]
Overfull \hbox (7.56029pt too wide) in paragraph at lines 52--53
[]\T1/futs/b/n/10.95 (-20) Rule out triv-ial nu-mer-i-cal ex-pla-na-tions\T1/fu
ts/m/n/10.95 (-20) : Test whether changes to nu-mer-i-cal parameters---

Overfull \hbox (10.12086pt too wide) in paragraph at lines 52--53
\T1/futs/m/n/10.95 (-20) gravitational soft-en-ing length, timestep fac-tor, fo
rce-solver ac-cu-racy settings---significantly
[3]) (./content/ch3/background.tex [4]
Chapter 2.

Package natbib Warning: Citation `binney2008galactic' on page 5 undefined on in
put line 10.


Package fancyhdr Warning: \fancyfoot's `E' option without twoside option is use
less.
(fancyhdr)                Please consider using the `twoside' option on input l
ine 21.

[5]

Package natbib Warning: Citation `power2003inner' on page 6 undefined on input 
line 22.


Package natbib Warning: Citation `zhang2019optimal' on page 6 undefined on inpu
t line 22.


Package natbib Warning: Citation `salamin2026origin' on page 6 undefined on inp
ut line 35.


Package natbib Warning: Citation `salamin2026origin' on page 6 undefined on inp
ut line 37.

[6]

Package natbib Warning: Citation `binney2008galactic' on page 7 undefined on in
put line 46.


Package natbib Warning: Citation `power2003inner' on page 7 undefined on input 
line 46.


Package natbib Warning: Citation `binney2008galactic' on page 7 undefined on in
put line 52.


Package natbib Warning: Citation `power2003inner' on page 7 undefined on input 
line 56.


Package natbib Warning: Citation `power2003inner' on page 7 undefined on input 
line 63.


Package natbib Warning: Citation `zhang2019optimal' on page 7 undefined on inpu
t line 63.

[7]

Package natbib Warning: Citation `zhang2019optimal' on page 8 undefined on inpu
t line 69.


Package natbib Warning: Citation `power2003inner' on page 8 undefined on input 
line 71.


Package natbib Warning: Citation `zhang2019optimal' on page 8 undefined on inpu
t line 71.


Package natbib Warning: Citation `price2007energy' on page 8 undefined on input
 line 73.


Package natbib Warning: Citation `hopkins2023novel' on page 8 undefined on inpu
t line 73.

[8]

Package natbib Warning: Citation `penarrubia2019stochastic' on page 9 undefined
 on input line 97.


Package natbib Warning: Citation `penarrubia2017fluctuations' on page 9 undefin
ed on input line 97.


Package natbib Warning: Citation `salamin2026origin' on page 9 undefined on inp
ut line 103.

) (./content/ch4/framework.tex [9]
Chapter 3.

Underfull \hbox (badness 10000) in paragraph at lines 1--1
[][][]\T1/futs/b/n/24.88 (+20) Simulation setup, frame-work and
(/usr/share/texlive/texmf-dist/tex/latex/base/t1cmtt.fd)

Package fancyhdr Warning: \fancyfoot's `E' option without twoside option is use
less.
(fancyhdr)                Please consider using the `twoside' option on input l
ine 30.

[10] (/usr/share/texlive/texmf-dist/tex/latex/fourier/ts1futs.fd) [11] [12]
[13]

Package natbib Warning: Citation `navarro1996structure' on page 14 undefined on
 input line 134.

[14] [15] [16] [17]
Overfull \hbox (12.7916pt too wide) in paragraph at lines 263--264
[]\T1/cmtt/m/n/10.95 useabspos: \T1/futs/m/n/10.95 (-20) boolean as in the stan
-dard NFW-Po-ten-tial, con-trols in-ter-pre-ta-tion of \T1/cmtt/m/n/10.95 posit
ion\T1/futs/m/n/10.95 (-20) . 

Overfull \hbox (1.33809pt too wide) in paragraph at lines 280--281
[]\T1/futs/m/n/10.95 (-20) The fol-low-ing code paths are adapted to use the ef
-fec-tive mass ($\FML/futmi/m/it/10.95 m[] \FMS/futm/m/n/10.95 Å \FML/futmi/m/i
t/10.95 m \FMS/futm/m/n/10.95 ^^B []$\T1/futs/m/n/10.95 (-20) ): 
[18] [19]
Overfull \hbox (3.88889pt too wide) in paragraph at lines 330--331
[]\T1/futs/m/n/10.95 (-20) self-gravity ex-clu-sion: con-firm that masked outer
 par-ti-cles do not con-tribute to monopole
[20]

LaTeX Warning: Reference `sec:framework_shells' on page 21 undefined on input l
ine 348.

) (./content/ch5/results.tex [21]
Chapter 4.

Package natbib Warning: Citation `penarrubia2017fluctuations' on page 22 undefi
ned on input line 22.


Package natbib Warning: Citation `penarrubia2019stochastic' on page 22 undefine
d on input line 22.


Package natbib Warning: Citation `errani2026collisional' on page 22 undefined o
n input line 22.


Package natbib Warning: Citation `power2003inner' on page 22 undefined on input
 line 24.


Package natbib Warning: Citation `zhang2019optimal' on page 22 undefined on inp
ut line 24.


Package fancyhdr Warning: \fancyfoot's `E' option without twoside option is use
less.
(fancyhdr)                Please consider using the `twoside' option on input l
ine 25.

[22]

LaTeX Warning: Reference `fig:baseline_gradient' on page 23 undefined on input 
line 26.


LaTeX Warning: Reference `fig:baseline_cusp_short' on page 23 undefined on inpu
t line 26.

[23 <./content/ch5/img/gradient.png>] [24 <./content/ch5/img/density_evolution_
cusp.png>]

LaTeX Warning: Reference `fig:box_size_study' on page 25 undefined on input lin
e 51.


LaTeX Warning: Reference `sec:framework_diagnostics' on page 25 undefined on in
put line 51.


LaTeX Warning: Reference `sec:framework_shells' on page 25 undefined on input l
ine 53.


Package natbib Warning: Citation `binney2008galactic' on page 25 undefined on i
nput line 53.


Package natbib Warning: Citation `power2003inner' on page 25 undefined on input
 line 53.


Package natbib Warning: Citation `penarrubia2017fluctuations' on page 25 undefi
ned on input line 53.


Package natbib Warning: Citation `penarrubia2019stochastic' on page 25 undefine
d on input line 53.

[25]

Package natbib Warning: Citation `errani2026collisional' on page 26 undefined o
n input line 69.

[26 <./content/ch5/img/box_size_study.png>]

Package natbib Warning: Citation `penarrubia2017fluctuations' on page 27 undefi
ned on input line 71.

[27 <./content/ch5/img/density_evolution_core.png>]

Package natbib Warning: Citation `power2003inner' on page 28 undefined on input
 line 85.


Package natbib Warning: Citation `zhang2019optimal' on page 28 undefined on inp
ut line 85.


Package natbib Warning: Citation `power2003inner' on page 28 undefined on input
 line 87.


Package natbib Warning: Citation `zhang2019optimal' on page 28 undefined on inp
ut line 87.

[28] [29 <./content/ch5/img/grav_soft_study_50.png> <./content/ch5/img/grav_sof
t_study_100.png>] [30]

Package natbib Warning: Citation `power2003inner' on page 31 undefined on input
 line 166.


Package natbib Warning: Citation `zhang2019optimal' on page 31 undefined on inp
ut line 166.

[31]

Package natbib Warning: Citation `navarro1996structure' on page 32 undefined on
 input line 200.

[32 <./content/ch5/img/eta_study.png> <./content/ch5/img/mac_study.png> <./cont
ent/ch5/img/theta_cr_study.png> <./content/ch5/img/epsilon_fmm_study.png>]

LaTeX Warning: Reference `fig:results_shell_mass' on page 33 undefined on input
 line 210.

[33 <./content/ch5/img/01_mass_profile_and_shell_fraction.png>]

LaTeX Warning: Reference `fig:results_shell_potential' on page 34 undefined on 
input line 221.


LaTeX Warning: Reference `fig:results_shell_cutoff' on page 34 undefined on inp
ut line 234.

[34 <./content/ch5/img/02_central_potential_shell_contribution.png>]

LaTeX Warning: Reference `fig:results_shell_map' on page 35 undefined on input 
line 247.

[35 <./content/ch5/img/03_outer_fraction_vs_cutoff.png>] [36 <./content/ch5/img
/04_outer_fraction_map.png>]) (./content/ch6/conclusions.tex [37]
Chapter 5.
)

Package fancyhdr Warning: \fancyfoot's `E' option without twoside option is use
less.
(fancyhdr)                Please consider using the `twoside' option on input l
ine 76.

[38] [39] (./content/tail/appendix.tex
Appendix A.
)

Package fancyhdr Warning: \fancyfoot's `E' option without twoside option is use
less.
(fancyhdr)                Please consider using the `twoside' option on input l
ine 83.

[40] (./content/tail/biblio.tex
No file my_thesis.bbl.
)

Package natbib Warning: There were undefined citations.

(./my_thesis.aux)

LaTeX Warning: There were undefined references.


LaTeX Warning: Label(s) may have changed. Rerun to get cross-references right.

 )
(see the transcript file for additional information)
pdfTeX warning (dest): name{section*.19} has been referenced but does not exist
, replaced by a fixed one

</usr/share/texlive/texmf-dist/fonts/type1/public/fourier/fourier-mex.pfb></usr
/share/texlive/texmf-dist/fonts/type1/public/fourier/fourier-ml.pfb></usr/share
/texlive/texmf-dist/fonts/type1/public/fourier/fourier-mlit.pfb></usr/share/tex
live/texmf-dist/fonts/type1/public/fourier/fourier-ms.pfb></usr/share/texlive/t
exmf-dist/fonts/type1/adobe/utopia/putb8a.pfb></usr/share/texlive/texmf-dist/fo
nts/type1/adobe/utopia/putr8a.pfb></usr/share/texlive/texmf-dist/fonts/type1/ad
obe/utopia/putri8a.pfb></usr/share/texmf/fonts/type1/public/cm-super/sfss0900.p
fb></usr/share/texmf/fonts/type1/public/cm-super/sfss1000.pfb></usr/share/texmf
/fonts/type1/public/cm-super/sfss1095.pfb></usr/share/texmf/fonts/type1/public/
cm-super/sfsx1000.pfb></usr/share/texmf/fonts/type1/public/cm-super/sfsx1095.pf
b></usr/share/texmf/fonts/type1/public/cm-super/sfsx1200.pfb></usr/share/texmf/
fonts/type1/public/cm-super/sfsx1440.pfb></usr/share/texmf/fonts/type1/public/c
m-super/sftt1095.pfb>
Output written on my_thesis.pdf (47 pages, 3693092 bytes).
Transcript written on my_thesis.log.
This is BibTeX, Version 0.99d (TeX Live 2023/Debian)
The top-level auxiliary file: my_thesis.aux
The style file: apalike.bst
Database file #1: content/tail/bibliography.bib
This is pdfTeX, Version 3.141592653-2.6-1.40.25 (TeX Live 2023/Debian) (preloaded format=pdflatex)
 restricted \write18 enabled.
entering extended mode
(./my_thesis.tex
LaTeX2e <2023-11-01> patch level 1
L3 programming layer <2024-01-22>
(./settings/settings_epfl_template.tex
(/usr/share/texlive/texmf-dist/tex/latex/base/book.cls
Document Class: book 2023/05/17 v1.4n Standard LaTeX document class
(/usr/share/texlive/texmf-dist/tex/latex/base/bk11.clo))
(/usr/share/texlive/texmf-dist/tex/latex/base/fontenc.sty)
(/usr/share/texlive/texmf-dist/tex/latex/base/inputenc.sty)
(/usr/share/texlive/texmf-dist/tex/latex/natbib/natbib.sty)
(/usr/share/texlive/texmf-dist/tex/generic/babel/babel.sty
(/usr/share/texlive/texmf-dist/tex/generic/babel/txtbabel.def)
(/usr/share/texlive/texmf-dist/tex/generic/babel-french/french.ldf)
(/usr/share/texlive/texmf-dist/tex/generic/babel-german/german.ldf
(/usr/share/texlive/texmf-dist/tex/generic/babel-german/germanb.ldf))
(/usr/share/texlive/texmf-dist/tex/generic/babel-english/english.ldf))
(/usr/share/texlive/texmf-dist/tex/generic/babel/locale/en/babel-english.tex)
(/usr/share/texlive/texmf-dist/tex/generic/babel/locale/de/babel-german.tex)
(/usr/share/texlive/texmf-dist/tex/generic/babel/locale/fr/babel-french.tex)
(/usr/share/texlive/texmf-dist/tex/latex/carlisle/scalefnt.sty)
(/usr/share/texlive/texmf-dist/tex/latex/graphics/keyval.sty)
(/usr/share/texlive/texmf-dist/tex/latex/float/float.sty)
(/usr/share/texlive/texmf-dist/tex/latex/fourier/fourier.sty
(/usr/share/texlive/texmf-dist/tex/generic/iftex/iftex.sty)
(/usr/share/texlive/texmf-dist/tex/latex/base/fontenc.sty
(/usr/share/texlive/texmf-dist/tex/latex/fourier/t1futs.fd))
(/usr/share/texlive/texmf-dist/tex/latex/base/textcomp.sty)
(/usr/share/texlive/texmf-dist/tex/latex/fourier/fourier-orns.sty))
(/usr/share/texlive/texmf-dist/tex/latex/setspace/setspace.sty)
(/usr/share/texlive/texmf-dist/tex/latex/graphics/graphicx.sty
(/usr/share/texlive/texmf-dist/tex/latex/graphics/graphics.sty
(/usr/share/texlive/texmf-dist/tex/latex/graphics/trig.sty)
(/usr/share/texlive/texmf-dist/tex/latex/graphics-cfg/graphics.cfg)
(/usr/share/texlive/texmf-dist/tex/latex/graphics-def/pdftex.def)))
(/usr/share/texlive/texmf-dist/tex/latex/xcolor/xcolor.sty
(/usr/share/texlive/texmf-dist/tex/latex/graphics-cfg/color.cfg)
(/usr/share/texlive/texmf-dist/tex/latex/graphics/mathcolor.ltx))
(/usr/share/texlive/texmf-dist/tex/latex/subfig/subfig.sty
(/usr/share/texlive/texmf-dist/tex/latex/caption/caption.sty
(/usr/share/texlive/texmf-dist/tex/latex/caption/caption3.sty)))
(/usr/share/texlive/texmf-dist/tex/latex/booktabs/booktabs.sty)
(/usr/share/texlive/texmf-dist/tex/latex/lipsum/lipsum.sty
(/usr/share/texlive/texmf-dist/tex/latex/l3packages/l3keys2e/l3keys2e.sty
(/usr/share/texlive/texmf-dist/tex/latex/l3kernel/expl3.sty
(/usr/share/texlive/texmf-dist/tex/latex/l3backend/l3backend-pdftex.def)))
(/usr/share/texlive/texmf-dist/tex/latex/lipsum/lipsum.ltd.tex))
(/usr/share/texlive/texmf-dist/tex/latex/microtype/microtype.sty
(/usr/share/texlive/texmf-dist/tex/latex/etoolbox/etoolbox.sty)
(/usr/share/texlive/texmf-dist/tex/latex/microtype/microtype-pdftex.def)
(/usr/share/texlive/texmf-dist/tex/latex/microtype/microtype.cfg))
(/usr/share/texlive/texmf-dist/tex/latex/url/url.sty)
(/usr/share/texlive/texmf-dist/tex/latex/fancyhdr/fancyhdr.sty)

Package fancyhdr Warning: \fancyhead's `E' option without twoside option is use
less.
(fancyhdr)                Please consider using the `twoside' option on input l
ine 84.


Package fancyhdr Warning: \fancyfoot's `E' option without twoside option is use
less.
(fancyhdr)                Please consider using the `twoside' option on input l
ine 85.

(/usr/share/texlive/texmf-dist/tex/latex/listings/listings.sty
(/usr/share/texlive/texmf-dist/tex/latex/listings/lstmisc.sty)
(/usr/share/texlive/texmf-dist/tex/latex/listings/listings.cfg))
(/usr/share/texlive/texmf-dist/tex/latex/listings/lstlang1.sty)
(/usr/share/texlive/texmf-dist/tex/latex/listings/lstlang2.sty)
(/usr/share/texlive/texmf-dist/tex/latex/listings/lstlang3.sty)
(/usr/share/texlive/texmf-dist/tex/latex/listings/lstlang1.sty)
(/usr/share/texlive/texmf-dist/tex/latex/listings/lstlang2.sty)
(/usr/share/texlive/texmf-dist/tex/latex/listings/lstlang3.sty)
(/usr/share/texlive/texmf-dist/tex/latex/listings/lstlang1.sty)
(/usr/share/texlive/texmf-dist/tex/latex/listings/lstlang2.sty)
(/usr/share/texlive/texmf-dist/tex/latex/listings/lstlang3.sty)
(/usr/share/texlive/texmf-dist/tex/latex/listings/lstmisc.sty)
(/usr/share/texlive/texmf-dist/tex/latex/hyperref/hyperref.sty
(/usr/share/texlive/texmf-dist/tex/latex/kvsetkeys/kvsetkeys.sty)
(/usr/share/texlive/texmf-dist/tex/generic/kvdefinekeys/kvdefinekeys.sty)
(/usr/share/texlive/texmf-dist/tex/generic/pdfescape/pdfescape.sty
(/usr/share/texlive/texmf-dist/tex/generic/ltxcmds/ltxcmds.sty)
(/usr/share/texlive/texmf-dist/tex/generic/pdftexcmds/pdftexcmds.sty
(/usr/share/texlive/texmf-dist/tex/generic/infwarerr/infwarerr.sty)))
(/usr/share/texlive/texmf-dist/tex/latex/hycolor/hycolor.sty)
(/usr/share/texlive/texmf-dist/tex/latex/auxhook/auxhook.sty)
(/usr/share/texlive/texmf-dist/tex/latex/hyperref/nameref.sty
(/usr/share/texlive/texmf-dist/tex/latex/refcount/refcount.sty)
(/usr/share/texlive/texmf-dist/tex/generic/gettitlestring/gettitlestring.sty
(/usr/share/texlive/texmf-dist/tex/latex/kvoptions/kvoptions.sty)))
(/usr/share/texlive/texmf-dist/tex/latex/hyperref/pd1enc.def)
(/usr/share/texlive/texmf-dist/tex/generic/intcalc/intcalc.sty)
(/usr/share/texlive/texmf-dist/tex/latex/hyperref/puenc.def)
(/usr/share/texlive/texmf-dist/tex/generic/bitset/bitset.sty
(/usr/share/texlive/texmf-dist/tex/generic/bigintcalc/bigintcalc.sty))
(/usr/share/texlive/texmf-dist/tex/latex/base/atbegshi-ltx.sty))
(/usr/share/texlive/texmf-dist/tex/latex/hyperref/hpdftex.def
(/usr/share/texlive/texmf-dist/tex/latex/base/atveryend-ltx.sty)
(/usr/share/texlive/texmf-dist/tex/latex/rerunfilecheck/rerunfilecheck.sty
(/usr/share/texlive/texmf-dist/tex/generic/uniquecounter/uniquecounter.sty)))
(/usr/share/texlive/texmf-dist/tex/generic/iftex/ifpdf.sty)
(/usr/share/texlive/texmf-dist/tex/latex/pdfpages/pdfpages.sty
(/usr/share/texlive/texmf-dist/tex/latex/base/ifthen.sty)
(/usr/share/texlive/texmf-dist/tex/latex/tools/calc.sty)
(/usr/share/texlive/texmf-dist/tex/latex/eso-pic/eso-pic.sty)
(/usr/share/texlive/texmf-dist/tex/latex/pdfpages/pppdftex.def))
(/usr/share/texlive/texmf-dist/tex/latex/bookmark/bookmark.sty
(/usr/share/texlive/texmf-dist/tex/latex/bookmark/bkm-pdftex.def))

Package fancyhdr Warning: \fancyfoot's `E' option without twoside option is use
less.
(fancyhdr)                Please consider using the `twoside' option on input l
ine 130.

(/usr/share/texlive/texmf-dist/tex/latex/pgf/frontendlayer/tikz.sty
(/usr/share/texlive/texmf-dist/tex/latex/pgf/basiclayer/pgf.sty
(/usr/share/texlive/texmf-dist/tex/latex/pgf/utilities/pgfrcs.sty
(/usr/share/texlive/texmf-dist/tex/generic/pgf/utilities/pgfutil-common.tex)
(/usr/share/texlive/texmf-dist/tex/generic/pgf/utilities/pgfutil-latex.def)
(/usr/share/texlive/texmf-dist/tex/generic/pgf/utilities/pgfrcs.code.tex
(/usr/share/texlive/texmf-dist/tex/generic/pgf/pgf.revision.tex)))
(/usr/share/texlive/texmf-dist/tex/latex/pgf/basiclayer/pgfcore.sty
(/usr/share/texlive/texmf-dist/tex/latex/pgf/systemlayer/pgfsys.sty
(/usr/share/texlive/texmf-dist/tex/generic/pgf/systemlayer/pgfsys.code.tex
(/usr/share/texlive/texmf-dist/tex/generic/pgf/utilities/pgfkeys.code.tex
(/usr/share/texlive/texmf-dist/tex/generic/pgf/utilities/pgfkeyslibraryfiltered
.code.tex)) (/usr/share/texlive/texmf-dist/tex/generic/pgf/systemlayer/pgf.cfg)
(/usr/share/texlive/texmf-dist/tex/generic/pgf/systemlayer/pgfsys-pdftex.def
(/usr/share/texlive/texmf-dist/tex/generic/pgf/systemlayer/pgfsys-common-pdf.de
f)))
(/usr/share/texlive/texmf-dist/tex/generic/pgf/systemlayer/pgfsyssoftpath.code.
tex)
(/usr/share/texlive/texmf-dist/tex/generic/pgf/systemlayer/pgfsysprotocol.code.
tex))
(/usr/share/texlive/texmf-dist/tex/generic/pgf/basiclayer/pgfcore.code.tex
(/usr/share/texlive/texmf-dist/tex/generic/pgf/math/pgfmath.code.tex
(/usr/share/texlive/texmf-dist/tex/generic/pgf/math/pgfmathutil.code.tex)
(/usr/share/texlive/texmf-dist/tex/generic/pgf/math/pgfmathparser.code.tex)
(/usr/share/texlive/texmf-dist/tex/generic/pgf/math/pgfmathfunctions.code.tex)
(/usr/share/texlive/texmf-dist/tex/generic/pgf/math/pgfmathfunctions.basic.code
.tex)
(/usr/share/texlive/texmf-dist/tex/generic/pgf/math/pgfmathfunctions.trigonomet
ric.code.tex)
(/usr/share/texlive/texmf-dist/tex/generic/pgf/math/pgfmathfunctions.random.cod
e.tex)
(/usr/share/texlive/texmf-dist/tex/generic/pgf/math/pgfmathfunctions.comparison
.code.tex)
(/usr/share/texlive/texmf-dist/tex/generic/pgf/math/pgfmathfunctions.base.code.
tex)
(/usr/share/texlive/texmf-dist/tex/generic/pgf/math/pgfmathfunctions.round.code
.tex)
(/usr/share/texlive/texmf-dist/tex/generic/pgf/math/pgfmathfunctions.misc.code.
tex)
(/usr/share/texlive/texmf-dist/tex/generic/pgf/math/pgfmathfunctions.integerari
thmetics.code.tex)
(/usr/share/texlive/texmf-dist/tex/generic/pgf/math/pgfmathcalc.code.tex)
(/usr/share/texlive/texmf-dist/tex/generic/pgf/math/pgfmathfloat.code.tex))
(/usr/share/texlive/texmf-dist/tex/generic/pgf/math/pgfint.code.tex)
(/usr/share/texlive/texmf-dist/tex/generic/pgf/basiclayer/pgfcorepoints.code.te
x)
(/usr/share/texlive/texmf-dist/tex/generic/pgf/basiclayer/pgfcorepathconstruct.
code.tex)
(/usr/share/texlive/texmf-dist/tex/generic/pgf/basiclayer/pgfcorepathusage.code
.tex)
(/usr/share/texlive/texmf-dist/tex/generic/pgf/basiclayer/pgfcorescopes.code.te
x)
(/usr/share/texlive/texmf-dist/tex/generic/pgf/basiclayer/pgfcoregraphicstate.c
ode.tex)
(/usr/share/texlive/texmf-dist/tex/generic/pgf/basiclayer/pgfcoretransformation
s.code.tex)
(/usr/share/texlive/texmf-dist/tex/generic/pgf/basiclayer/pgfcorequick.code.tex
)
(/usr/share/texlive/texmf-dist/tex/generic/pgf/basiclayer/pgfcoreobjects.code.t
ex)
(/usr/share/texlive/texmf-dist/tex/generic/pgf/basiclayer/pgfcorepathprocessing
.code.tex)
(/usr/share/texlive/texmf-dist/tex/generic/pgf/basiclayer/pgfcorearrows.code.te
x)
(/usr/share/texlive/texmf-dist/tex/generic/pgf/basiclayer/pgfcoreshade.code.tex
)
(/usr/share/texlive/texmf-dist/tex/generic/pgf/basiclayer/pgfcoreimage.code.tex
)
(/usr/share/texlive/texmf-dist/tex/generic/pgf/basiclayer/pgfcoreexternal.code.
tex)
(/usr/share/texlive/texmf-dist/tex/generic/pgf/basiclayer/pgfcorelayers.code.te
x)
(/usr/share/texlive/texmf-dist/tex/generic/pgf/basiclayer/pgfcoretransparency.c
ode.tex)
(/usr/share/texlive/texmf-dist/tex/generic/pgf/basiclayer/pgfcorepatterns.code.
tex)
(/usr/share/texlive/texmf-dist/tex/generic/pgf/basiclayer/pgfcorerdf.code.tex))
)
(/usr/share/texlive/texmf-dist/tex/generic/pgf/modules/pgfmoduleshapes.code.tex
) (/usr/share/texlive/texmf-dist/tex/generic/pgf/modules/pgfmoduleplot.code.tex
)
(/usr/share/texlive/texmf-dist/tex/latex/pgf/compatibility/pgfcomp-version-0-65
.sty)
(/usr/share/texlive/texmf-dist/tex/latex/pgf/compatibility/pgfcomp-version-1-18
.sty)) (/usr/share/texlive/texmf-dist/tex/latex/pgf/utilities/pgffor.sty
(/usr/share/texlive/texmf-dist/tex/latex/pgf/utilities/pgfkeys.sty
(/usr/share/texlive/texmf-dist/tex/generic/pgf/utilities/pgfkeys.code.tex))
(/usr/share/texlive/texmf-dist/tex/latex/pgf/math/pgfmath.sty
(/usr/share/texlive/texmf-dist/tex/generic/pgf/math/pgfmath.code.tex))
(/usr/share/texlive/texmf-dist/tex/generic/pgf/utilities/pgffor.code.tex))
(/usr/share/texlive/texmf-dist/tex/generic/pgf/frontendlayer/tikz/tikz.code.tex

(/usr/share/texlive/texmf-dist/tex/generic/pgf/libraries/pgflibraryplothandlers
.code.tex)
(/usr/share/texlive/texmf-dist/tex/generic/pgf/modules/pgfmodulematrix.code.tex
)
(/usr/share/texlive/texmf-dist/tex/generic/pgf/frontendlayer/tikz/libraries/tik
zlibrarytopaths.code.tex)))
(/usr/share/texlive/texmf-dist/tex/latex/titlesec/titlesec.sty)
(/usr/share/texlive/texmf-dist/tex/latex/amsmath/amsmath.sty
For additional information on amsmath, use the `?' option.
(/usr/share/texlive/texmf-dist/tex/latex/amsmath/amstext.sty
(/usr/share/texlive/texmf-dist/tex/latex/amsmath/amsgen.sty))
(/usr/share/texlive/texmf-dist/tex/latex/amsmath/amsbsy.sty)
(/usr/share/texlive/texmf-dist/tex/latex/amsmath/amsopn.sty))
(/usr/share/texlive/texmf-dist/tex/latex/amsfonts/amsfonts.sty)
(/usr/share/texlive/texmf-dist/tex/latex/amsfonts/amssymb.sty)
(/usr/share/texlive/texmf-dist/tex/latex/mathtools/mathtools.sty
(/usr/share/texlive/texmf-dist/tex/latex/mathtools/mhsetup.sty)))
(./settings/settings_custom.tex) (./my_thesis.aux)
(/usr/share/texlive/texmf-dist/tex/latex/fourier/fmlfutm.fd)
(/usr/share/texlive/texmf-dist/tex/latex/fourier/fmsfutm.fd)
(/usr/share/texlive/texmf-dist/tex/latex/fourier/fmxfutm.fd)
(/usr/share/texlive/texmf-dist/tex/context/base/mkii/supp-pdf.mkii
[Loading MPS to PDF converter (version 2006.09.02).]
) (/usr/share/texlive/texmf-dist/tex/latex/epstopdf-pkg/epstopdf-base.sty
(/usr/share/texlive/texmf-dist/tex/latex/latexconfig/epstopdf-sys.cfg))
(/usr/share/texlive/texmf-dist/tex/latex/pdflscape/pdflscape.sty
(/usr/share/texlive/texmf-dist/tex/latex/pdflscape/pdflscape-nometadata.sty
(/usr/share/texlive/texmf-dist/tex/latex/graphics/lscape.sty)))
(./content/head/titlepage.tex
(/usr/share/texlive/texmf-dist/tex/latex/base/t1cmss.fd) [1{/var/lib/texmf/font
s/map/pdftex/updmap/pdftex.map}{/usr/share/texmf/fonts/enc/dvips/cm-super/cm-su
per-t1.enc}{/usr/share/texlive/texmf-dist/fonts/enc/dvips/base/8r.enc} <./asset
s/epfl-eps-converted-to.pdf>]) (./content/head/dedication.tex)
(./content/head/abstracts.tex [0]
(/usr/share/texlive/texmf-dist/tex/latex/fourier/fmlfutmi.fd)
(/usr/share/texlive/texmf-dist/tex/latex/amsfonts/umsa.fd)
(/usr/share/texlive/texmf-dist/tex/latex/microtype/mt-msa.cfg)
(/usr/share/texlive/texmf-dist/tex/latex/amsfonts/umsb.fd)
(/usr/share/texlive/texmf-dist/tex/latex/microtype/mt-msb.cfg)

Package fancyhdr Warning: \fancyfoot's `E' option without twoside option is use
less.
(fancyhdr)                Please consider using the `twoside' option on input l
ine 16.


pdfTeX warning (ext4): destination with the same identifier (name{page.i}) has 
been already used, duplicate ignored
<to be read again> 
                   \relax 
l.16 \cleardoublepage
                      [1])

Package fancyhdr Warning: \fancyfoot's `E' option without twoside option is use
less.
(fancyhdr)                Please consider using the `twoside' option on input l
ine 27.

[2] (./my_thesis.toc

Package fancyhdr Warning: \fancyfoot's `E' option without twoside option is use
less.
(fancyhdr)                Please consider using the `twoside' option on input l
ine 37.

[3]) [4] (./my_thesis.lof

Package fancyhdr Warning: \fancyfoot's `E' option without twoside option is use
less.
(fancyhdr)                Please consider using the `twoside' option on input l
ine 20.

[5]) [6] (./content/ch1/introduction.tex
Chapter 1.

Package natbib Warning: Citation `power2003inner' on page 1 undefined on input 
line 10.


Package natbib Warning: Citation `zhang2019optimal' on page 1 undefined on inpu
t line 10.


Package natbib Warning: Citation `penarrubia2017fluctuations' on page 1 undefin
ed on input line 12.


Package natbib Warning: Citation `penarrubia2019stochastic' on page 1 undefined
 on input line 12.


Package fancyhdr Warning: \fancyfoot's `E' option without twoside option is use
less.
(fancyhdr)                Please consider using the `twoside' option on input l
ine 24.

[1] [2]
Overfull \hbox (7.56029pt too wide) in paragraph at lines 52--53
[]\T1/futs/b/n/10.95 (-20) Rule out triv-ial nu-mer-i-cal ex-pla-na-tions\T1/fu
ts/m/n/10.95 (-20) : Test whether changes to nu-mer-i-cal parameters---

Overfull \hbox (10.12086pt too wide) in paragraph at lines 52--53
\T1/futs/m/n/10.95 (-20) gravitational soft-en-ing length, timestep fac-tor, fo
rce-solver ac-cu-racy settings---significantly
[3]) (./content/ch3/background.tex [4]
Chapter 2.

Package natbib Warning: Citation `binney2008galactic' on page 5 undefined on in
put line 10.


Package fancyhdr Warning: \fancyfoot's `E' option without twoside option is use
less.
(fancyhdr)                Please consider using the `twoside' option on input l
ine 21.

[5]

Package natbib Warning: Citation `power2003inner' on page 6 undefined on input 
line 22.


Package natbib Warning: Citation `zhang2019optimal' on page 6 undefined on inpu
t line 22.


Package natbib Warning: Citation `salamin2026origin' on page 6 undefined on inp
ut line 35.


Package natbib Warning: Citation `salamin2026origin' on page 6 undefined on inp
ut line 37.

[6]

Package natbib Warning: Citation `binney2008galactic' on page 7 undefined on in
put line 46.


Package natbib Warning: Citation `power2003inner' on page 7 undefined on input 
line 46.


Package natbib Warning: Citation `binney2008galactic' on page 7 undefined on in
put line 52.


Package natbib Warning: Citation `power2003inner' on page 7 undefined on input 
line 56.


Package natbib Warning: Citation `power2003inner' on page 7 undefined on input 
line 63.


Package natbib Warning: Citation `zhang2019optimal' on page 7 undefined on inpu
t line 63.

[7]

Package natbib Warning: Citation `zhang2019optimal' on page 8 undefined on inpu
t line 69.


Package natbib Warning: Citation `power2003inner' on page 8 undefined on input 
line 71.


Package natbib Warning: Citation `zhang2019optimal' on page 8 undefined on inpu
t line 71.


Package natbib Warning: Citation `price2007energy' on page 8 undefined on input
 line 73.


Package natbib Warning: Citation `hopkins2023novel' on page 8 undefined on inpu
t line 73.

[8]

Package natbib Warning: Citation `penarrubia2019stochastic' on page 9 undefined
 on input line 97.


Package natbib Warning: Citation `penarrubia2017fluctuations' on page 9 undefin
ed on input line 97.


Package natbib Warning: Citation `salamin2026origin' on page 9 undefined on inp
ut line 103.

) (./content/ch4/framework.tex [9]
Chapter 3.

Underfull \hbox (badness 10000) in paragraph at lines 1--1
[][][]\T1/futs/b/n/24.88 (+20) Simulation setup, frame-work and
(/usr/share/texlive/texmf-dist/tex/latex/base/t1cmtt.fd)

Package fancyhdr Warning: \fancyfoot's `E' option without twoside option is use
less.
(fancyhdr)                Please consider using the `twoside' option on input l
ine 30.

[10] (/usr/share/texlive/texmf-dist/tex/latex/fourier/ts1futs.fd) [11] [12]
[13]

Package natbib Warning: Citation `navarro1996structure' on page 14 undefined on
 input line 134.

[14] [15] [16] [17]
Overfull \hbox (12.7916pt too wide) in paragraph at lines 263--264
[]\T1/cmtt/m/n/10.95 useabspos: \T1/futs/m/n/10.95 (-20) boolean as in the stan
-dard NFW-Po-ten-tial, con-trols in-ter-pre-ta-tion of \T1/cmtt/m/n/10.95 posit
ion\T1/futs/m/n/10.95 (-20) . 

Overfull \hbox (1.33809pt too wide) in paragraph at lines 280--281
[]\T1/futs/m/n/10.95 (-20) The fol-low-ing code paths are adapted to use the ef
-fec-tive mass ($\FML/futmi/m/it/10.95 m[] \FMS/futm/m/n/10.95 Å \FML/futmi/m/i
t/10.95 m \FMS/futm/m/n/10.95 ^^B []$\T1/futs/m/n/10.95 (-20) ): 
[18] [19]
Overfull \hbox (3.88889pt too wide) in paragraph at lines 330--331
[]\T1/futs/m/n/10.95 (-20) self-gravity ex-clu-sion: con-firm that masked outer
 par-ti-cles do not con-tribute to monopole
[20]) (./content/ch5/results.tex [21]
Chapter 4.

Package natbib Warning: Citation `penarrubia2017fluctuations' on page 22 undefi
ned on input line 22.


Package natbib Warning: Citation `penarrubia2019stochastic' on page 22 undefine
d on input line 22.


Package natbib Warning: Citation `errani2026collisional' on page 22 undefined o
n input line 22.


Package natbib Warning: Citation `power2003inner' on page 22 undefined on input
 line 24.


Package natbib Warning: Citation `zhang2019optimal' on page 22 undefined on inp
ut line 24.


Package fancyhdr Warning: \fancyfoot's `E' option without twoside option is use
less.
(fancyhdr)                Please consider using the `twoside' option on input l
ine 25.

[22] [23 <./content/ch5/img/gradient.png>] [24 <./content/ch5/img/density_evolu
tion_cusp.png>]

Package natbib Warning: Citation `binney2008galactic' on page 25 undefined on i
nput line 53.


Package natbib Warning: Citation `power2003inner' on page 25 undefined on input
 line 53.


Package natbib Warning: Citation `penarrubia2017fluctuations' on page 25 undefi
ned on input line 53.


Package natbib Warning: Citation `penarrubia2019stochastic' on page 25 undefine
d on input line 53.

[25]

Package natbib Warning: Citation `errani2026collisional' on page 26 undefined o
n input line 69.

[26 <./content/ch5/img/box_size_study.png>]

Package natbib Warning: Citation `penarrubia2017fluctuations' on page 27 undefi
ned on input line 71.

[27 <./content/ch5/img/density_evolution_core.png>]

Package natbib Warning: Citation `power2003inner' on page 28 undefined on input
 line 85.


Package natbib Warning: Citation `zhang2019optimal' on page 28 undefined on inp
ut line 85.


Package natbib Warning: Citation `power2003inner' on page 28 undefined on input
 line 87.


Package natbib Warning: Citation `zhang2019optimal' on page 28 undefined on inp
ut line 87.

[28] [29 <./content/ch5/img/grav_soft_study_50.png> <./content/ch5/img/grav_sof
t_study_100.png>] [30]

Package natbib Warning: Citation `power2003inner' on page 31 undefined on input
 line 166.


Package natbib Warning: Citation `zhang2019optimal' on page 31 undefined on inp
ut line 166.

[31]

Package natbib Warning: Citation `navarro1996structure' on page 32 undefined on
 input line 200.

[32 <./content/ch5/img/eta_study.png> <./content/ch5/img/mac_study.png> <./cont
ent/ch5/img/theta_cr_study.png> <./content/ch5/img/epsilon_fmm_study.png>]
[33 <./content/ch5/img/01_mass_profile_and_shell_fraction.png>] [34 <./content/
ch5/img/02_central_potential_shell_contribution.png>] [35 <./content/ch5/img/03
_outer_fraction_vs_cutoff.png>] [36 <./content/ch5/img/04_outer_fraction_map.pn
g>]) (./content/ch6/conclusions.tex [37]
Chapter 5.
)

Package fancyhdr Warning: \fancyfoot's `E' option without twoside option is use
less.
(fancyhdr)                Please consider using the `twoside' option on input l
ine 76.

[38] [39] (./content/tail/appendix.tex
Appendix A.
)

Package fancyhdr Warning: \fancyfoot's `E' option without twoside option is use
less.
(fancyhdr)                Please consider using the `twoside' option on input l
ine 83.

[40] (./content/tail/biblio.tex (./my_thesis.bbl))

Package natbib Warning: There were undefined citations.


Package fancyhdr Warning: \fancyfoot's `E' option without twoside option is use
less.
(fancyhdr)                Please consider using the `twoside' option on input l
ine 89.

[41] (./my_thesis.aux

Package natbib Warning: Citation(s) may have changed.
(natbib)                Rerun to get citations correct.

)

LaTeX Warning: Label(s) may have changed. Rerun to get cross-references right.

 )
(see the transcript file for additional information)</usr/share/texlive/texmf-d
ist/fonts/type1/public/fourier/fourier-mex.pfb></usr/share/texlive/texmf-dist/f
onts/type1/public/fourier/fourier-ml.pfb></usr/share/texlive/texmf-dist/fonts/t
ype1/public/fourier/fourier-mlit.pfb></usr/share/texlive/texmf-dist/fonts/type1
/public/fourier/fourier-ms.pfb></usr/share/texlive/texmf-dist/fonts/type1/adobe
/utopia/putb8a.pfb></usr/share/texlive/texmf-dist/fonts/type1/adobe/utopia/putr
8a.pfb></usr/share/texlive/texmf-dist/fonts/type1/adobe/utopia/putri8a.pfb></us
r/share/texmf/fonts/type1/public/cm-super/sfss0900.pfb></usr/share/texmf/fonts/
type1/public/cm-super/sfss1000.pfb></usr/share/texmf/fonts/type1/public/cm-supe
r/sfss1095.pfb></usr/share/texmf/fonts/type1/public/cm-super/sfsx1000.pfb></usr
/share/texmf/fonts/type1/public/cm-super/sfsx1095.pfb></usr/share/texmf/fonts/t
ype1/public/cm-super/sfsx1200.pfb></usr/share/texmf/fonts/type1/public/cm-super
/sfsx1440.pfb></usr/share/texmf/fonts/type1/public/cm-super/sftt1095.pfb>
Output written on my_thesis.pdf (49 pages, 3704955 bytes).
Transcript written on my_thesis.log.
This is pdfTeX, Version 3.141592653-2.6-1.40.25 (TeX Live 2023/Debian) (preloaded format=pdflatex)
 restricted \write18 enabled.
entering extended mode
(./my_thesis.tex
LaTeX2e <2023-11-01> patch level 1
L3 programming layer <2024-01-22>
(./settings/settings_epfl_template.tex
(/usr/share/texlive/texmf-dist/tex/latex/base/book.cls
Document Class: book 2023/05/17 v1.4n Standard LaTeX document class
(/usr/share/texlive/texmf-dist/tex/latex/base/bk11.clo))
(/usr/share/texlive/texmf-dist/tex/latex/base/fontenc.sty)
(/usr/share/texlive/texmf-dist/tex/latex/base/inputenc.sty)
(/usr/share/texlive/texmf-dist/tex/latex/natbib/natbib.sty)
(/usr/share/texlive/texmf-dist/tex/generic/babel/babel.sty
(/usr/share/texlive/texmf-dist/tex/generic/babel/txtbabel.def)
(/usr/share/texlive/texmf-dist/tex/generic/babel-french/french.ldf)
(/usr/share/texlive/texmf-dist/tex/generic/babel-german/german.ldf
(/usr/share/texlive/texmf-dist/tex/generic/babel-german/germanb.ldf))
(/usr/share/texlive/texmf-dist/tex/generic/babel-english/english.ldf))
(/usr/share/texlive/texmf-dist/tex/generic/babel/locale/en/babel-english.tex)
(/usr/share/texlive/texmf-dist/tex/generic/babel/locale/de/babel-german.tex)
(/usr/share/texlive/texmf-dist/tex/generic/babel/locale/fr/babel-french.tex)
(/usr/share/texlive/texmf-dist/tex/latex/carlisle/scalefnt.sty)
(/usr/share/texlive/texmf-dist/tex/latex/graphics/keyval.sty)
(/usr/share/texlive/texmf-dist/tex/latex/float/float.sty)
(/usr/share/texlive/texmf-dist/tex/latex/fourier/fourier.sty
(/usr/share/texlive/texmf-dist/tex/generic/iftex/iftex.sty)
(/usr/share/texlive/texmf-dist/tex/latex/base/fontenc.sty
(/usr/share/texlive/texmf-dist/tex/latex/fourier/t1futs.fd))
(/usr/share/texlive/texmf-dist/tex/latex/base/textcomp.sty)
(/usr/share/texlive/texmf-dist/tex/latex/fourier/fourier-orns.sty))
(/usr/share/texlive/texmf-dist/tex/latex/setspace/setspace.sty)
(/usr/share/texlive/texmf-dist/tex/latex/graphics/graphicx.sty
(/usr/share/texlive/texmf-dist/tex/latex/graphics/graphics.sty
(/usr/share/texlive/texmf-dist/tex/latex/graphics/trig.sty)
(/usr/share/texlive/texmf-dist/tex/latex/graphics-cfg/graphics.cfg)
(/usr/share/texlive/texmf-dist/tex/latex/graphics-def/pdftex.def)))
(/usr/share/texlive/texmf-dist/tex/latex/xcolor/xcolor.sty
(/usr/share/texlive/texmf-dist/tex/latex/graphics-cfg/color.cfg)
(/usr/share/texlive/texmf-dist/tex/latex/graphics/mathcolor.ltx))
(/usr/share/texlive/texmf-dist/tex/latex/subfig/subfig.sty
(/usr/share/texlive/texmf-dist/tex/latex/caption/caption.sty
(/usr/share/texlive/texmf-dist/tex/latex/caption/caption3.sty)))
(/usr/share/texlive/texmf-dist/tex/latex/booktabs/booktabs.sty)
(/usr/share/texlive/texmf-dist/tex/latex/lipsum/lipsum.sty
(/usr/share/texlive/texmf-dist/tex/latex/l3packages/l3keys2e/l3keys2e.sty
(/usr/share/texlive/texmf-dist/tex/latex/l3kernel/expl3.sty
(/usr/share/texlive/texmf-dist/tex/latex/l3backend/l3backend-pdftex.def)))
(/usr/share/texlive/texmf-dist/tex/latex/lipsum/lipsum.ltd.tex))
(/usr/share/texlive/texmf-dist/tex/latex/microtype/microtype.sty
(/usr/share/texlive/texmf-dist/tex/latex/etoolbox/etoolbox.sty)
(/usr/share/texlive/texmf-dist/tex/latex/microtype/microtype-pdftex.def)
(/usr/share/texlive/texmf-dist/tex/latex/microtype/microtype.cfg))
(/usr/share/texlive/texmf-dist/tex/latex/url/url.sty)
(/usr/share/texlive/texmf-dist/tex/latex/fancyhdr/fancyhdr.sty)

Package fancyhdr Warning: \fancyhead's `E' option without twoside option is use
less.
(fancyhdr)                Please consider using the `twoside' option on input l
ine 84.


Package fancyhdr Warning: \fancyfoot's `E' option without twoside option is use
less.
(fancyhdr)                Please consider using the `twoside' option on input l
ine 85.

(/usr/share/texlive/texmf-dist/tex/latex/listings/listings.sty
(/usr/share/texlive/texmf-dist/tex/latex/listings/lstmisc.sty)
(/usr/share/texlive/texmf-dist/tex/latex/listings/listings.cfg))
(/usr/share/texlive/texmf-dist/tex/latex/listings/lstlang1.sty)
(/usr/share/texlive/texmf-dist/tex/latex/listings/lstlang2.sty)
(/usr/share/texlive/texmf-dist/tex/latex/listings/lstlang3.sty)
(/usr/share/texlive/texmf-dist/tex/latex/listings/lstlang1.sty)
(/usr/share/texlive/texmf-dist/tex/latex/listings/lstlang2.sty)
(/usr/share/texlive/texmf-dist/tex/latex/listings/lstlang3.sty)
(/usr/share/texlive/texmf-dist/tex/latex/listings/lstlang1.sty)
(/usr/share/texlive/texmf-dist/tex/latex/listings/lstlang2.sty)
(/usr/share/texlive/texmf-dist/tex/latex/listings/lstlang3.sty)
(/usr/share/texlive/texmf-dist/tex/latex/listings/lstmisc.sty)
(/usr/share/texlive/texmf-dist/tex/latex/hyperref/hyperref.sty
(/usr/share/texlive/texmf-dist/tex/latex/kvsetkeys/kvsetkeys.sty)
(/usr/share/texlive/texmf-dist/tex/generic/kvdefinekeys/kvdefinekeys.sty)
(/usr/share/texlive/texmf-dist/tex/generic/pdfescape/pdfescape.sty
(/usr/share/texlive/texmf-dist/tex/generic/ltxcmds/ltxcmds.sty)
(/usr/share/texlive/texmf-dist/tex/generic/pdftexcmds/pdftexcmds.sty
(/usr/share/texlive/texmf-dist/tex/generic/infwarerr/infwarerr.sty)))
(/usr/share/texlive/texmf-dist/tex/latex/hycolor/hycolor.sty)
(/usr/share/texlive/texmf-dist/tex/latex/auxhook/auxhook.sty)
(/usr/share/texlive/texmf-dist/tex/latex/hyperref/nameref.sty
(/usr/share/texlive/texmf-dist/tex/latex/refcount/refcount.sty)
(/usr/share/texlive/texmf-dist/tex/generic/gettitlestring/gettitlestring.sty
(/usr/share/texlive/texmf-dist/tex/latex/kvoptions/kvoptions.sty)))
(/usr/share/texlive/texmf-dist/tex/latex/hyperref/pd1enc.def)
(/usr/share/texlive/texmf-dist/tex/generic/intcalc/intcalc.sty)
(/usr/share/texlive/texmf-dist/tex/latex/hyperref/puenc.def)
(/usr/share/texlive/texmf-dist/tex/generic/bitset/bitset.sty
(/usr/share/texlive/texmf-dist/tex/generic/bigintcalc/bigintcalc.sty))
(/usr/share/texlive/texmf-dist/tex/latex/base/atbegshi-ltx.sty))
(/usr/share/texlive/texmf-dist/tex/latex/hyperref/hpdftex.def
(/usr/share/texlive/texmf-dist/tex/latex/base/atveryend-ltx.sty)
(/usr/share/texlive/texmf-dist/tex/latex/rerunfilecheck/rerunfilecheck.sty
(/usr/share/texlive/texmf-dist/tex/generic/uniquecounter/uniquecounter.sty)))
(/usr/share/texlive/texmf-dist/tex/generic/iftex/ifpdf.sty)
(/usr/share/texlive/texmf-dist/tex/latex/pdfpages/pdfpages.sty
(/usr/share/texlive/texmf-dist/tex/latex/base/ifthen.sty)
(/usr/share/texlive/texmf-dist/tex/latex/tools/calc.sty)
(/usr/share/texlive/texmf-dist/tex/latex/eso-pic/eso-pic.sty)
(/usr/share/texlive/texmf-dist/tex/latex/pdfpages/pppdftex.def))
(/usr/share/texlive/texmf-dist/tex/latex/bookmark/bookmark.sty
(/usr/share/texlive/texmf-dist/tex/latex/bookmark/bkm-pdftex.def))

Package fancyhdr Warning: \fancyfoot's `E' option without twoside option is use
less.
(fancyhdr)                Please consider using the `twoside' option on input l
ine 130.

(/usr/share/texlive/texmf-dist/tex/latex/pgf/frontendlayer/tikz.sty
(/usr/share/texlive/texmf-dist/tex/latex/pgf/basiclayer/pgf.sty
(/usr/share/texlive/texmf-dist/tex/latex/pgf/utilities/pgfrcs.sty
(/usr/share/texlive/texmf-dist/tex/generic/pgf/utilities/pgfutil-common.tex)
(/usr/share/texlive/texmf-dist/tex/generic/pgf/utilities/pgfutil-latex.def)
(/usr/share/texlive/texmf-dist/tex/generic/pgf/utilities/pgfrcs.code.tex
(/usr/share/texlive/texmf-dist/tex/generic/pgf/pgf.revision.tex)))
(/usr/share/texlive/texmf-dist/tex/latex/pgf/basiclayer/pgfcore.sty
(/usr/share/texlive/texmf-dist/tex/latex/pgf/systemlayer/pgfsys.sty
(/usr/share/texlive/texmf-dist/tex/generic/pgf/systemlayer/pgfsys.code.tex
(/usr/share/texlive/texmf-dist/tex/generic/pgf/utilities/pgfkeys.code.tex
(/usr/share/texlive/texmf-dist/tex/generic/pgf/utilities/pgfkeyslibraryfiltered
.code.tex)) (/usr/share/texlive/texmf-dist/tex/generic/pgf/systemlayer/pgf.cfg)
(/usr/share/texlive/texmf-dist/tex/generic/pgf/systemlayer/pgfsys-pdftex.def
(/usr/share/texlive/texmf-dist/tex/generic/pgf/systemlayer/pgfsys-common-pdf.de
f)))
(/usr/share/texlive/texmf-dist/tex/generic/pgf/systemlayer/pgfsyssoftpath.code.
tex)
(/usr/share/texlive/texmf-dist/tex/generic/pgf/systemlayer/pgfsysprotocol.code.
tex))
(/usr/share/texlive/texmf-dist/tex/generic/pgf/basiclayer/pgfcore.code.tex
(/usr/share/texlive/texmf-dist/tex/generic/pgf/math/pgfmath.code.tex
(/usr/share/texlive/texmf-dist/tex/generic/pgf/math/pgfmathutil.code.tex)
(/usr/share/texlive/texmf-dist/tex/generic/pgf/math/pgfmathparser.code.tex)
(/usr/share/texlive/texmf-dist/tex/generic/pgf/math/pgfmathfunctions.code.tex)
(/usr/share/texlive/texmf-dist/tex/generic/pgf/math/pgfmathfunctions.basic.code
.tex)
(/usr/share/texlive/texmf-dist/tex/generic/pgf/math/pgfmathfunctions.trigonomet
ric.code.tex)
(/usr/share/texlive/texmf-dist/tex/generic/pgf/math/pgfmathfunctions.random.cod
e.tex)
(/usr/share/texlive/texmf-dist/tex/generic/pgf/math/pgfmathfunctions.comparison
.code.tex)
(/usr/share/texlive/texmf-dist/tex/generic/pgf/math/pgfmathfunctions.base.code.
tex)
(/usr/share/texlive/texmf-dist/tex/generic/pgf/math/pgfmathfunctions.round.code
.tex)
(/usr/share/texlive/texmf-dist/tex/generic/pgf/math/pgfmathfunctions.misc.code.
tex)
(/usr/share/texlive/texmf-dist/tex/generic/pgf/math/pgfmathfunctions.integerari
thmetics.code.tex)
(/usr/share/texlive/texmf-dist/tex/generic/pgf/math/pgfmathcalc.code.tex)
(/usr/share/texlive/texmf-dist/tex/generic/pgf/math/pgfmathfloat.code.tex))
(/usr/share/texlive/texmf-dist/tex/generic/pgf/math/pgfint.code.tex)
(/usr/share/texlive/texmf-dist/tex/generic/pgf/basiclayer/pgfcorepoints.code.te
x)
(/usr/share/texlive/texmf-dist/tex/generic/pgf/basiclayer/pgfcorepathconstruct.
code.tex)
(/usr/share/texlive/texmf-dist/tex/generic/pgf/basiclayer/pgfcorepathusage.code
.tex)
(/usr/share/texlive/texmf-dist/tex/generic/pgf/basiclayer/pgfcorescopes.code.te
x)
(/usr/share/texlive/texmf-dist/tex/generic/pgf/basiclayer/pgfcoregraphicstate.c
ode.tex)
(/usr/share/texlive/texmf-dist/tex/generic/pgf/basiclayer/pgfcoretransformation
s.code.tex)
(/usr/share/texlive/texmf-dist/tex/generic/pgf/basiclayer/pgfcorequick.code.tex
)
(/usr/share/texlive/texmf-dist/tex/generic/pgf/basiclayer/pgfcoreobjects.code.t
ex)
(/usr/share/texlive/texmf-dist/tex/generic/pgf/basiclayer/pgfcorepathprocessing
.code.tex)
(/usr/share/texlive/texmf-dist/tex/generic/pgf/basiclayer/pgfcorearrows.code.te
x)
(/usr/share/texlive/texmf-dist/tex/generic/pgf/basiclayer/pgfcoreshade.code.tex
)
(/usr/share/texlive/texmf-dist/tex/generic/pgf/basiclayer/pgfcoreimage.code.tex
)
(/usr/share/texlive/texmf-dist/tex/generic/pgf/basiclayer/pgfcoreexternal.code.
tex)
(/usr/share/texlive/texmf-dist/tex/generic/pgf/basiclayer/pgfcorelayers.code.te
x)
(/usr/share/texlive/texmf-dist/tex/generic/pgf/basiclayer/pgfcoretransparency.c
ode.tex)
(/usr/share/texlive/texmf-dist/tex/generic/pgf/basiclayer/pgfcorepatterns.code.
tex)
(/usr/share/texlive/texmf-dist/tex/generic/pgf/basiclayer/pgfcorerdf.code.tex))
)
(/usr/share/texlive/texmf-dist/tex/generic/pgf/modules/pgfmoduleshapes.code.tex
) (/usr/share/texlive/texmf-dist/tex/generic/pgf/modules/pgfmoduleplot.code.tex
)
(/usr/share/texlive/texmf-dist/tex/latex/pgf/compatibility/pgfcomp-version-0-65
.sty)
(/usr/share/texlive/texmf-dist/tex/latex/pgf/compatibility/pgfcomp-version-1-18
.sty)) (/usr/share/texlive/texmf-dist/tex/latex/pgf/utilities/pgffor.sty
(/usr/share/texlive/texmf-dist/tex/latex/pgf/utilities/pgfkeys.sty
(/usr/share/texlive/texmf-dist/tex/generic/pgf/utilities/pgfkeys.code.tex))
(/usr/share/texlive/texmf-dist/tex/latex/pgf/math/pgfmath.sty
(/usr/share/texlive/texmf-dist/tex/generic/pgf/math/pgfmath.code.tex))
(/usr/share/texlive/texmf-dist/tex/generic/pgf/utilities/pgffor.code.tex))
(/usr/share/texlive/texmf-dist/tex/generic/pgf/frontendlayer/tikz/tikz.code.tex

(/usr/share/texlive/texmf-dist/tex/generic/pgf/libraries/pgflibraryplothandlers
.code.tex)
(/usr/share/texlive/texmf-dist/tex/generic/pgf/modules/pgfmodulematrix.code.tex
)
(/usr/share/texlive/texmf-dist/tex/generic/pgf/frontendlayer/tikz/libraries/tik
zlibrarytopaths.code.tex)))
(/usr/share/texlive/texmf-dist/tex/latex/titlesec/titlesec.sty)
(/usr/share/texlive/texmf-dist/tex/latex/amsmath/amsmath.sty
For additional information on amsmath, use the `?' option.
(/usr/share/texlive/texmf-dist/tex/latex/amsmath/amstext.sty
(/usr/share/texlive/texmf-dist/tex/latex/amsmath/amsgen.sty))
(/usr/share/texlive/texmf-dist/tex/latex/amsmath/amsbsy.sty)
(/usr/share/texlive/texmf-dist/tex/latex/amsmath/amsopn.sty))
(/usr/share/texlive/texmf-dist/tex/latex/amsfonts/amsfonts.sty)
(/usr/share/texlive/texmf-dist/tex/latex/amsfonts/amssymb.sty)
(/usr/share/texlive/texmf-dist/tex/latex/mathtools/mathtools.sty
(/usr/share/texlive/texmf-dist/tex/latex/mathtools/mhsetup.sty)))
(./settings/settings_custom.tex) (./my_thesis.aux)
(/usr/share/texlive/texmf-dist/tex/latex/fourier/fmlfutm.fd)
(/usr/share/texlive/texmf-dist/tex/latex/fourier/fmsfutm.fd)
(/usr/share/texlive/texmf-dist/tex/latex/fourier/fmxfutm.fd)
(/usr/share/texlive/texmf-dist/tex/context/base/mkii/supp-pdf.mkii
[Loading MPS to PDF converter (version 2006.09.02).]
) (/usr/share/texlive/texmf-dist/tex/latex/epstopdf-pkg/epstopdf-base.sty
(/usr/share/texlive/texmf-dist/tex/latex/latexconfig/epstopdf-sys.cfg))
(/usr/share/texlive/texmf-dist/tex/latex/pdflscape/pdflscape.sty
(/usr/share/texlive/texmf-dist/tex/latex/pdflscape/pdflscape-nometadata.sty
(/usr/share/texlive/texmf-dist/tex/latex/graphics/lscape.sty)))
(./content/head/titlepage.tex
(/usr/share/texlive/texmf-dist/tex/latex/base/t1cmss.fd) [1{/var/lib/texmf/font
s/map/pdftex/updmap/pdftex.map}{/usr/share/texmf/fonts/enc/dvips/cm-super/cm-su
per-t1.enc}{/usr/share/texlive/texmf-dist/fonts/enc/dvips/base/8r.enc} <./asset
s/epfl-eps-converted-to.pdf>]) (./content/head/dedication.tex)
(./content/head/abstracts.tex [0]
(/usr/share/texlive/texmf-dist/tex/latex/fourier/fmlfutmi.fd)
(/usr/share/texlive/texmf-dist/tex/latex/amsfonts/umsa.fd)
(/usr/share/texlive/texmf-dist/tex/latex/microtype/mt-msa.cfg)
(/usr/share/texlive/texmf-dist/tex/latex/amsfonts/umsb.fd)
(/usr/share/texlive/texmf-dist/tex/latex/microtype/mt-msb.cfg)

Package fancyhdr Warning: \fancyfoot's `E' option without twoside option is use
less.
(fancyhdr)                Please consider using the `twoside' option on input l
ine 16.


pdfTeX warning (ext4): destination with the same identifier (name{page.i}) has 
been already used, duplicate ignored
<to be read again> 
                   \relax 
l.16 \cleardoublepage
                      [1])

Package fancyhdr Warning: \fancyfoot's `E' option without twoside option is use
less.
(fancyhdr)                Please consider using the `twoside' option on input l
ine 27.

[2] (./my_thesis.toc

Package fancyhdr Warning: \fancyfoot's `E' option without twoside option is use
less.
(fancyhdr)                Please consider using the `twoside' option on input l
ine 37.

[3]) [4] (./my_thesis.lof

Package fancyhdr Warning: \fancyfoot's `E' option without twoside option is use
less.
(fancyhdr)                Please consider using the `twoside' option on input l
ine 20.

[5]) [6] (./content/ch1/introduction.tex
Chapter 1.

Package fancyhdr Warning: \fancyfoot's `E' option without twoside option is use
less.
(fancyhdr)                Please consider using the `twoside' option on input l
ine 24.

[1] [2]
Overfull \hbox (7.56029pt too wide) in paragraph at lines 52--53
[]\T1/futs/b/n/10.95 (-20) Rule out triv-ial nu-mer-i-cal ex-pla-na-tions\T1/fu
ts/m/n/10.95 (-20) : Test whether changes to nu-mer-i-cal parameters---

Overfull \hbox (10.12086pt too wide) in paragraph at lines 52--53
\T1/futs/m/n/10.95 (-20) gravitational soft-en-ing length, timestep fac-tor, fo
rce-solver ac-cu-racy settings---significantly
[3]) (./content/ch3/background.tex [4]
Chapter 2.

Package fancyhdr Warning: \fancyfoot's `E' option without twoside option is use
less.
(fancyhdr)                Please consider using the `twoside' option on input l
ine 21.

[5] [6] [7] [8]) (./content/ch4/framework.tex [9] [10]
Chapter 3.

Underfull \hbox (badness 10000) in paragraph at lines 1--1
[][][]\T1/futs/b/n/24.88 (+20) Simulation setup, frame-work and
(/usr/share/texlive/texmf-dist/tex/latex/base/t1cmtt.fd)

Package fancyhdr Warning: \fancyfoot's `E' option without twoside option is use
less.
(fancyhdr)                Please consider using the `twoside' option on input l
ine 30.

[11] (/usr/share/texlive/texmf-dist/tex/latex/fourier/ts1futs.fd) [12] [13]
[14] [15] [16] [17] [18]
Overfull \hbox (12.7916pt too wide) in paragraph at lines 263--264
[]\T1/cmtt/m/n/10.95 useabspos: \T1/futs/m/n/10.95 (-20) boolean as in the stan
-dard NFW-Po-ten-tial, con-trols in-ter-pre-ta-tion of \T1/cmtt/m/n/10.95 posit
ion\T1/futs/m/n/10.95 (-20) . 

Overfull \hbox (1.33809pt too wide) in paragraph at lines 280--281
[]\T1/futs/m/n/10.95 (-20) The fol-low-ing code paths are adapted to use the ef
-fec-tive mass ($\FML/futmi/m/it/10.95 m[] \FMS/futm/m/n/10.95 Å \FML/futmi/m/i
t/10.95 m \FMS/futm/m/n/10.95 ^^B []$\T1/futs/m/n/10.95 (-20) ): 
[19] [20]
Overfull \hbox (3.88889pt too wide) in paragraph at lines 330--331
[]\T1/futs/m/n/10.95 (-20) self-gravity ex-clu-sion: con-firm that masked outer
 par-ti-cles do not con-tribute to monopole
[21]) (./content/ch5/results.tex [22]
Chapter 4.

Package fancyhdr Warning: \fancyfoot's `E' option without twoside option is use
less.
(fancyhdr)                Please consider using the `twoside' option on input l
ine 25.

[23] [24] [25 <./content/ch5/img/gradient.png>] [26 <./content/ch5/img/density_
evolution_cusp.png>] [27] [28 <./content/ch5/img/box_size_study.png>] [29 <./co
ntent/ch5/img/density_evolution_core.png>] [30] [31 <./content/ch5/img/grav_sof
t_study_50.png> <./content/ch5/img/grav_soft_study_100.png>] [32] [33] [34 <./c
ontent/ch5/img/eta_study.png> <./content/ch5/img/mac_study.png> <./content/ch5/
img/theta_cr_study.png> <./content/ch5/img/epsilon_fmm_study.png>] [35 <./conte
nt/ch5/img/01_mass_profile_and_shell_fraction.png>] [36 <./content/ch5/img/02_c
entral_potential_shell_contribution.png>] [37 <./content/ch5/img/03_outer_fract
ion_vs_cutoff.png>] [38 <./content/ch5/img/04_outer_fraction_map.png>])
(./content/ch6/conclusions.tex [39]
Chapter 5.
)

Package fancyhdr Warning: \fancyfoot's `E' option without twoside option is use
less.
(fancyhdr)                Please consider using the `twoside' option on input l
ine 76.

[40] [41] (./content/tail/appendix.tex
Appendix A.
)

Package fancyhdr Warning: \fancyfoot's `E' option without twoside option is use
less.
(fancyhdr)                Please consider using the `twoside' option on input l
ine 83.

[42] (./content/tail/biblio.tex (./my_thesis.bbl))

Package fancyhdr Warning: \fancyfoot's `E' option without twoside option is use
less.
(fancyhdr)                Please consider using the `twoside' option on input l
ine 89.

[43] (./my_thesis.aux)

LaTeX Warning: Label(s) may have changed. Rerun to get cross-references right.

 )
(see the transcript file for additional information)</usr/share/texlive/texmf-d
ist/fonts/type1/public/fourier/fourier-mex.pfb></usr/share/texlive/texmf-dist/f
onts/type1/public/fourier/fourier-ml.pfb></usr/share/texlive/texmf-dist/fonts/t
ype1/public/fourier/fourier-mlit.pfb></usr/share/texlive/texmf-dist/fonts/type1
/public/fourier/fourier-ms.pfb></usr/share/texlive/texmf-dist/fonts/type1/adobe
/utopia/putb8a.pfb></usr/share/texlive/texmf-dist/fonts/type1/adobe/utopia/putr
8a.pfb></usr/share/texlive/texmf-dist/fonts/type1/adobe/utopia/putri8a.pfb></us
r/share/texmf/fonts/type1/public/cm-super/sfss0900.pfb></usr/share/texmf/fonts/
type1/public/cm-super/sfss1000.pfb></usr/share/texmf/fonts/type1/public/cm-supe
r/sfss1095.pfb></usr/share/texmf/fonts/type1/public/cm-super/sfsx1000.pfb></usr
/share/texmf/fonts/type1/public/cm-super/sfsx1095.pfb></usr/share/texmf/fonts/t
ype1/public/cm-super/sfsx1200.pfb></usr/share/texmf/fonts/type1/public/cm-super
/sfsx1440.pfb></usr/share/texmf/fonts/type1/public/cm-super/sftt1095.pfb>
Output written on my_thesis.pdf (51 pages, 3708991 bytes).
Transcript written on my_thesis.log.
